Tectonic 0.17.0
note: Running TeX ...
Fontconfig error: Cannot load default config file: No such file: (null)
warning: paper.tex:92: Underfull \hbox (badness 7238) in paragraph at lines 86--92
warning: paper.tex:184: Underfull \hbox (badness 10000) in paragraph at lines 184--184
warning: paper.tex:190: Underfull \hbox (badness 10000) in paragraph at lines 188--190
warning: paper.tex:190: Underfull \hbox (badness 10000) in paragraph at lines 190--190
warning: paper.tex:339: Underfull \hbox (badness 10000) in paragraph at lines 329--339
warning: paper.tex:339: Underfull \hbox (badness 10000) in paragraph at lines 329--339
warning: paper.tex:424: Underfull \hbox (badness 2426) in paragraph at lines 413--424
warning: paper.tex:607: Underfull \hbox (badness 3291) in paragraph at lines 601--607
warning: paper.tex:607: Underfull \hbox (badness 2460) in paragraph at lines 601--607
warning: paper.tex:607: Underfull \hbox (badness 8000) in paragraph at lines 601--607
warning: paper.tex:611: Underfull \hbox (badness 1968) in paragraph at lines 609--611
note: Running BibTeX on paper.aux ...
note: warnings were issued by BibTeX; use --print and/or --keep-logs for details.
note: Rerunning TeX because bibtex was run ...
warning: paper.tex:92: Underfull \hbox (badness 7238) in paragraph at lines 86--92
warning: paper.tex:184: Underfull \hbox (badness 10000) in paragraph at lines 184--184
warning: paper.tex:190: Underfull \hbox (badness 10000) in paragraph at lines 188--190
warning: paper.tex:190: Underfull \hbox (badness 10000) in paragraph at lines 190--190
warning: paper.tex:339: Underfull \hbox (badness 10000) in paragraph at lines 329--339
warning: paper.tex:339: Underfull \hbox (badness 10000) in paragraph at lines 329--339
warning: paper.tex:424: Underfull \hbox (badness 2426) in paragraph at lines 413--424
warning: paper.tex:607: Underfull \hbox (badness 3291) in paragraph at lines 601--607
warning: paper.tex:607: Underfull \hbox (badness 2460) in paragraph at lines 601--607
warning: paper.tex:607: Underfull \hbox (badness 8000) in paragraph at lines 601--607
warning: paper.tex:611: Underfull \hbox (badness 1968) in paragraph at lines 609--611
warning: paper.tex:620: Underfull \hbox (badness 1215) in paragraph at lines 618--620
warning: warnings were issued by the TeX engine; use --print and/or --keep-logs for details.
note: Running xdvipdfmx ...
note: Writing `paper.pdf` (203.7470703125 KiB)
note: Writing `paper.log` (14.673828125 KiB)
note: Writing `paper.blg` (1.2919921875 KiB)
note: Skipped writing 4 intermediate files (use --keep-intermediates to keep them)

Tectonic exit code: 0
