N18 STRICT MINIMUM INTERVALS classes 26 [(21, 12, 1.0, 1.6), (22, 16, 1.0, 1.3333333333333333)]
EXIT CENSUS 64 {(-6, -12): 1216, (-5, -11): 128, (-5, -10): 2304, (-4, -10): 128, (-4, -8): 1472, (-3, -5): 64, (-2, -4): 192, (0, 0): 32}
RATE CORRECTION 64 1.25 1.5 0.002533692801331755
RATE CORRECTION 64 1.25 2.5 0.06175422168314415
D2 NONFLAT WITNESS [(np.int64(9), [1, 2, 2, 3]), (np.int64(15), [1, 2, 2, 3]), (np.int64(33), [1, 2, 2, 3]), (np.int64(39), [1, 2, 2, 3])] d histogram Counter({1: 52, 2: 8, 3: 4})
EXIT CENSUS 96 {(-6, -12): 3360, (-5, -11): 192, (-5, -10): 6528, (-4, -10): 192, (-4, -8): 3744, (-3, -5): 96, (-2, -4): 288, (0, 0): 48}
RATE CORRECTION 96 1.25 1.5 0.004111665821431076
RATE CORRECTION 96 1.25 2.5 0.10193480723843251
EXIT CENSUS 192 {(-6, -12): 15936, (-5, -11): 384, (-5, -10): 31488, (-4, -10): 384, (-4, -8): 16704, (-3, -5): 192, (-2, -4): 576, (0, 0): 96}
RATE CORRECTION 192 1.25 1.5 0.008845584881729263
RATE CORRECTION 192 1.25 2.5 0.22247656390429826
WATCH 1.3 tau 419.03790811910943 max(T,205) mean 461.9150553213993 survivor-only mean 624.0379081191095
WATCH 1.35 tau 182.8318520977115 max(T,205) mean 264.5798876049066 survivor-only mean 387.8318520977115
DISCRETE DEMON [(1, 3.023777192733274), (2, 2.5947237896167397), (4, 1.8729092799424423)]
FINAL GEOMETRY T8 LAM105 64 {(1, True, True, 0): 30} nonorientable examples []
FINAL GEOMETRY T8 LAM105 96 {(1, True, True, 0): 30} nonorientable examples []
FINAL GEOMETRY T8 LAM105 144 {(1, True, True, 0): 30} nonorientable examples []
FINAL GEOMETRY T8 LAM105 192 {(1, True, True, 0): 30} nonorientable examples []
LONG WAIT t24_lam125_n64.csv 20270.0 ratio to tau 23.9843125230234 nominal union bound 4.601788612407911e-09
LONG WAIT t24_lam130_n64.csv 32155.0 ratio to tau 76.73530097630237 nominal union bound 5.668438836158504e-32
UNDEFINED CITATIONS []
